// Jest Snapshot v1, https://goo.gl/fbAQLP

exports[`renderField() Should render field 1`] = `
<renderField
  label="Goal"
  name="goal"
  type="text"
/>
`;
