// Jest Snapshot v1, https://goo.gl/fbAQLP

exports[`Goals list Should render 1`] = `
<ul
  className="goals-list"
>
  <li
    key="1"
  >
    Get swole
  </li>
  <li
    key="2"
  >
    Eat clean
  </li>
  <li
    key="3"
  >
    Win more
  </li>
</ul>
`;
