// Jest Snapshot v1, https://goo.gl/fbAQLP

exports[`About Sould Render about page 1`] = `
<div>
  <h1>
    About Page
  </h1>
  <p>
    TODO: Create real content for this page.
  </p>
</div>
`;
