// Jest Snapshot v1, https://goo.gl/fbAQLP

exports[`AddRolesPage Sould Render add roles page 1`] = `
<div>
  <h1>
    Add Roles
  </h1>
  <Connect(ReduxForm) />
</div>
`;
